// Jest Snapshot v1, https://goo.gl/fbAQLP

exports[`Button component Should render the Button component with type button 1`] = `
<button
  className="c-btn button"
  onClick={[MockFunction]}
  type="submit"
>
  Button
</button>
`;

exports[`Button component Should render the Button component with type link 1`] = `
<a
  className="c-btn link"
  href="https://google.com"
  rel="noopener noreferrrer"
  target="_blank"
>
  Link
</a>
`;
