// Jest Snapshot v1, https://goo.gl/fbAQLP

exports[`SectionHello component Should render the SectionHello component 1`] = `
<Component
  hasButton={false}
  hasShell={true}
  id="hello"
>
  <div
    className="c-canvas"
    id="canvas"
  />
  <Component />
</Component>
`;
