// Jest Snapshot v1, https://goo.gl/fbAQLP

exports[`App component Should render the App component 1`] = `
<Fragment>
  <Component />
  <Component
    src="./sprite.svg"
  />
  <Component />
  <Component />
  <Component />
  <Component />
  <Component
    data={
      Object {
        "github": undefined,
        "gitlab": undefined,
      }
    }
  />
  <Component />
  <Component />
  <Component />
  <Component />
  <Component />
</Fragment>
`;
