// Jest Snapshot v1, https://goo.gl/fbAQLP

exports[`Icon component Should render the Icon component 1`] = `
<svg
  className="test"
>
  <use
    xlinkHref="#test"
  />
</svg>
`;
